andeancat: OK (62.1s)
greaterhorseshoebat: OK (47.0s)
freetailbat: OK (47.0s)
dugong: OK (47.1s)
fiddlercrab: OK (47.0s)
fishingbat: OK (47.1s)
hectorsdolphin: OK (47.1s)
horseshoecrab: OK (47.1s)
irrawaddy: OK (47.1s)
lavalizard: OK (47.0s)
leafyseadragon: OK (47.0s)
sealamprey: OK (47.0s)
seaotter: OK (47.0s)
seasquirt: OK (47.1s)
eagleray: OK (47.2s)
sunflowerstar: OK (72.4s)
weedyseadragon: OK (52.3s)
oryx: OK (47.1s)
bilby: OK (47.0s)
emu: OK (47.5s)
jerboa: OK (47.8s)
longnosedbat: OK (47.1s)
rattlesnake: OK (47.0s)
beagle: OK (47.3s)
bordercollie: OK (47.1s)
earthworm: OK (47.1s)
bordeauxmastiff: OK (47.4s)
duck: OK (47.0s)
koi: OK (47.5s)
tabbycat: OK (47.5s)
lyrebird: OK (47.2s)
tasdevil: OK (47.0s)
asiangoldencat: OK (47.4s)
bandicoot: OK (52.1s)
skink: OK (168.0s)
capuchin: OK (47.3s)
bobcat: OK (47.5s)
chameleon: OK (47.4s)
monarch_p: OK (47.2s)
civet: OK (47.2s)
colobus: OK (47.3s)
dormouse: OK (199.3s)
echidna: OK (52.4s)
firesalamander: OK (47.5s)
flyingsquirrel: OK (47.3s)
giantmillipede: OK (47.5s)
howler: OK (49.3s)
mara: OK (47.4s)
mantis: OK (48.0s)
loris: OK (47.2s)
snubnosed: OK (47.2s)
wallaby: OK (47.3s)
frilledshark: OK (47.4s)
leatherback: OK (47.4s)
oarfish: OK (47.4s)
sunfishmola: OK (47.4s)
pilotwhale: OK (47.5s)
rissos: OK (47.2s)
spinnerdolphin: OK (47.3s)

BATCH DONE: 59 ok, 0 failed/skipped out of 59
