adze: OK (77.6s)
agropelter: OK (57.2s)
amikuk: OK (52.1s)
asanbosam: OK (57.2s)
baize: OK (51.9s)
bannik: OK (52.1s)
betobetosan: OK (52.6s)
bulgasari: OK (52.5s)
bultungin: OK (52.0s)
camahueto: OK (52.1s)
centaur: OK (51.9s)
chullachaqui: OK (53.3s)
curupira: OK (52.1s)
dakuwaqa: OK (52.3s)
domovoi: OK (82.7s)
douen: OK (57.1s)
dullahan: OK (52.1s)
eloko: OK (52.0s)
ghul: OK (52.0s)
golem: OK (52.0s)
hidebehind: OK (52.2s)
huakaipo: OK (52.2s)
huldra: OK (52.1s)
ifrit: OK (52.4s)
ijiraq: OK (52.2s)
jengu: OK (52.1s)
jiangshi: OK (52.0s)
jorogumo: OK (51.9s)
kamapuaa: OK (51.8s)
kasaobake: OK (52.2s)
knocker: OK (52.1s)
likho: OK (52.0s)
lusca: OK (51.9s)
mapinguari: OK (51.9s)
medjed: OK (52.3s)
nanaue: OK (52.1s)
nasnas: OK (52.4s)
nurikabe: OK (51.7s)
nyaminyami: OK (51.9s)
penghou: OK (51.9s)
pincoya: OK (52.2s)
redcap: OK (52.0s)
shahmaran: OK (51.9s)
snallygaster: OK (51.8s)
soucouyant: OK (52.3s)
tartalo: OK (52.0s)
tiyanak: OK (51.9s)
tupilaq: OK (52.1s)
veli: OK (52.2s)
xiezhi: OK (51.8s)
zduhac: OK (52.3s)

BATCH DONE: 51 ok, 0 failed/skipped out of 51
