menehune: OK (152.7s)
nanaue: OK (67.7s)
kamapuaa: OK (67.9s)
akualele: OK (73.0s)
huakaipo: OK (73.1s)
patupaiarehe: OK (77.7s)
ponaturi: OK (52.3s)
marakihau: OK (62.4s)
pouakai: OK (62.8s)
dakuwaqa: OK (57.1s)
veli: OK (52.2s)
tipua: OK (57.4s)
adze: OK (57.2s)
tokoloshe: OK (52.4s)
asanbosam: OK (51.4s)
eloko: OK (52.1s)
obayifo: OK (52.7s)
abiku: OK (57.8s)
bultungin: OK (57.4s)
jengu: OK (52.4s)
nyaminyami: OK (52.0s)
ilomba: OK (52.3s)
yumboe: OK (52.8s)
babayagahut: OK (52.1s)
domovoi: OK (57.3s)
bannik: OK (52.0s)
rusalka: OK (58.4s)
vodyanoy: OK (67.9s)
likho: OK (58.0s)
zduhac: OK (62.9s)
ghul: OK (57.7s)
ifrit: OK (57.6s)
nasnas: OK (57.8s)
shahmaran: OK (62.4s)
huma: OK (57.3s)
gashadokuro: OK (57.1s)
namazu: OK (52.5s)
nurikabe: OK (62.2s)
betobetosan: OK (57.6s)
ashiaraiyashiki: OK (57.5s)
yukionna: OK (58.1s)
jorogumo: OK (58.0s)
kasaobake: OK (62.3s)
manananggal: OK (57.7s)
kapre: OK (56.5s)
berberoka: OK (57.2s)
bungisngis: OK (57.1s)
tiyanak: OK (62.5s)
qalupalik: OK (57.3s)
amarok: OK (57.3s)
ijiraq: OK (57.3s)
amikuk: OK (57.4s)
tupilaq: OK (57.3s)
blackshuck: OK (57.4s)
cwnannwn: OK (58.1s)
knocker: OK (57.7s)
dullahan: OK (58.0s)
redcap: OK (62.4s)
boggart: OK (57.6s)
hidebehind: OK (57.4s)
squonk: OK (52.5s)
agropelter: OK (57.3s)
teakettler: OK (52.3s)
snallygaster: OK (52.0s)
jerseydevil: OK (52.4s)
curupira: OK (53.0s)
mapinguari: OK (57.5s)
boitata: OK (68.4s)
chullachaqui: OK (57.3s)
pincoya: OK (57.4s)
camahueto: OK (52.3s)
draugr: OK (52.6s)
huldra: OK (52.4s)
fossegrim: OK (52.1s)
nisse: OK (52.2s)
mara: OK (52.4s)
jiangshi: OK (52.8s)
baize: OK (52.7s)
xiezhi: OK (52.2s)
penghou: OK (51.9s)
gumiho: OK (52.0s)
dokkaebi: OK (52.0s)
bulgasari: OK (52.2s)
basajaun: OK (51.5s)
lamiak: OK (52.2s)
tartalo: OK (52.2s)
soucouyant: OK (52.2s)
douen: OK (52.4s)
lusca: OK (52.6s)
para: OK (52.3s)
stallo: OK (52.8s)
korpokkur: OK (52.8s)
kamuyhuci: OK (52.3s)
olgoikhorkhoi: OK (52.7s)
centaur: OK (52.4s)
gorgon: OK (52.5s)
golem: OK (52.9s)
lilith: OK (57.6s)
medjed: OK (52.2s)
serpopard: OK (52.3s)

BATCH DONE: 100 ok, 0 failed/skipped out of 100
