amikuk: OK (362.0s)
bultungin: OK (69.1s)
domovoi: OK (58.4s)
huldra: OK (53.8s)
jengu: OK (53.3s)
jorogumo: OK (53.8s)
kamapuaa: OK (58.5s)
kasaobake: OK (53.1s)
knocker: OK (58.2s)
likho: OK (57.9s)
lusca: OK (52.5s)
mapinguari: OK (52.7s)
medjed: OK (52.7s)
nanaue: OK (52.2s)
nasnas: OK (52.7s)
penghou: OK (52.1s)
pincoya: OK (57.9s)
redcap: OK (52.8s)
shahmaran: OK (53.0s)
snallygaster: OK (52.7s)
soucouyant: OK (52.9s)
tiyanak: OK (53.0s)
tupilaq: OK (52.9s)
veli: OK (58.2s)
zduhac: OK (52.6s)

BATCH DONE: 25 ok, 0 failed/skipped out of 25
